// Jest Snapshot v1, https://goo.gl/fbAQLP

exports[`#typeDefs should match the GraphQL schema 1`] = `
Object {
  "definitions": Array [
    Object {
      "description": undefined,
      "directives": Array [],
      "fields": Array [
        Object {
          "arguments": Array [],
          "description": undefined,
          "directives": Array [],
          "kind": "FieldDefinition",
          "loc": Object {
            "end": 23,
            "start": 14,
          },
          "name": Object {
            "kind": "Name",
            "loc": Object {
              "end": 16,
              "start": 14,
            },
            "value": "id",
          },
          "type": Object {
            "kind": "NonNullType",
            "loc": Object {
              "end": 23,
              "start": 18,
            },
            "type": Object {
              "kind": "NamedType",
              "loc": Object {
                "end": 22,
                "start": 18,
              },
              "name": Object {
                "kind": "Name",
                "loc": Object {
                  "end": 22,
                  "start": 18,
                },
                "value": "UUID",
              },
            },
          },
        },
        Object {
          "arguments": Array [],
          "description": undefined,
          "directives": Array [],
          "kind": "FieldDefinition",
          "loc": Object {
            "end": 40,
            "start": 27,
          },
          "name": Object {
            "kind": "Name",
            "loc": Object {
              "end": 33,
              "start": 27,
            },
            "value": "userId",
          },
          "type": Object {
            "kind": "NonNullType",
            "loc": Object {
              "end": 40,
              "start": 35,
            },
            "type": Object {
              "kind": "NamedType",
              "loc": Object {
                "end": 39,
                "start": 35,
              },
              "name": Object {
                "kind": "Name",
                "loc": Object {
                  "end": 39,
                  "start": 35,
                },
                "value": "UUID",
              },
            },
          },
        },
        Object {
          "arguments": Array [],
          "description": undefined,
          "directives": Array [],
          "kind": "FieldDefinition",
          "loc": Object {
            "end": 60,
            "start": 44,
          },
          "name": Object {
            "kind": "Name",
            "loc": Object {
              "end": 51,
              "start": 44,
            },
            "value": "appName",
          },
          "type": Object {
            "kind": "NonNullType",
            "loc": Object {
              "end": 60,
              "start": 53,
            },
            "type": Object {
              "kind": "NamedType",
              "loc": Object {
                "end": 59,
                "start": 53,
              },
              "name": Object {
                "kind": "Name",
                "loc": Object {
                  "end": 59,
                  "start": 53,
                },
                "value": "String",
              },
            },
          },
        },
        Object {
          "arguments": Array [],
          "description": undefined,
          "directives": Array [],
          "kind": "FieldDefinition",
          "loc": Object {
            "end": 83,
            "start": 64,
          },
          "name": Object {
            "kind": "Name",
            "loc": Object {
              "end": 74,
              "start": 64,
            },
            "value": "identifier",
          },
          "type": Object {
            "kind": "NonNullType",
            "loc": Object {
              "end": 83,
              "start": 76,
            },
            "type": Object {
              "kind": "NamedType",
              "loc": Object {
                "end": 82,
                "start": 76,
              },
              "name": Object {
                "kind": "Name",
                "loc": Object {
                  "end": 82,
                  "start": 76,
                },
                "value": "String",
              },
            },
          },
        },
        Object {
          "arguments": Array [],
          "description": undefined,
          "directives": Array [],
          "kind": "FieldDefinition",
          "loc": Object {
            "end": 100,
            "start": 87,
          },
          "name": Object {
            "kind": "Name",
            "loc": Object {
              "end": 91,
              "start": 87,
            },
            "value": "icon",
          },
          "type": Object {
            "kind": "NonNullType",
            "loc": Object {
              "end": 100,
              "start": 93,
            },
            "type": Object {
              "kind": "NamedType",
              "loc": Object {
                "end": 99,
                "start": 93,
              },
              "name": Object {
                "kind": "Name",
                "loc": Object {
                  "end": 99,
                  "start": 93,
                },
                "value": "String",
              },
            },
          },
        },
        Object {
          "arguments": Array [],
          "description": undefined,
          "directives": Array [],
          "kind": "FieldDefinition",
          "loc": Object {
            "end": 124,
            "start": 104,
          },
          "name": Object {
            "kind": "Name",
            "loc": Object {
              "end": 115,
              "start": 104,
            },
            "value": "description",
          },
          "type": Object {
            "kind": "NonNullType",
            "loc": Object {
              "end": 124,
              "start": 117,
            },
            "type": Object {
              "kind": "NamedType",
              "loc": Object {
                "end": 123,
                "start": 117,
              },
              "name": Object {
                "kind": "Name",
                "loc": Object {
                  "end": 123,
                  "start": 117,
                },
                "value": "String",
              },
            },
          },
        },
        Object {
          "arguments": Array [],
          "description": undefined,
          "directives": Array [],
          "kind": "FieldDefinition",
          "loc": Object {
            "end": 148,
            "start": 128,
          },
          "name": Object {
            "kind": "Name",
            "loc": Object {
              "end": 137,
              "start": 128,
            },
            "value": "createdAt",
          },
          "type": Object {
            "kind": "NonNullType",
            "loc": Object {
              "end": 148,
              "start": 139,
            },
            "type": Object {
              "kind": "NamedType",
              "loc": Object {
                "end": 147,
                "start": 139,
              },
              "name": Object {
                "kind": "Name",
                "loc": Object {
                  "end": 147,
                  "start": 139,
                },
                "value": "Datetime",
              },
            },
          },
        },
        Object {
          "arguments": Array [],
          "description": undefined,
          "directives": Array [],
          "kind": "FieldDefinition",
          "loc": Object {
            "end": 172,
            "start": 152,
          },
          "name": Object {
            "kind": "Name",
            "loc": Object {
              "end": 161,
              "start": 152,
            },
            "value": "updatedAt",
          },
          "type": Object {
            "kind": "NonNullType",
            "loc": Object {
              "end": 172,
              "start": 163,
            },
            "type": Object {
              "kind": "NamedType",
              "loc": Object {
                "end": 171,
                "start": 163,
              },
              "name": Object {
                "kind": "Name",
                "loc": Object {
                  "end": 171,
                  "start": 163,
                },
                "value": "Datetime",
              },
            },
          },
        },
      ],
      "interfaces": Array [],
      "kind": "ObjectTypeDefinition",
      "loc": Object {
        "end": 175,
        "start": 0,
      },
      "name": Object {
        "kind": "Name",
        "loc": Object {
          "end": 8,
          "start": 5,
        },
        "value": "App",
      },
    },
    Object {
      "description": undefined,
      "directives": Array [],
      "fields": Array [
        Object {
          "arguments": Array [],
          "description": undefined,
          "directives": Array [],
          "kind": "FieldDefinition",
          "loc": Object {
            "end": 210,
            "start": 195,
          },
          "name": Object {
            "kind": "Name",
            "loc": Object {
              "end": 202,
              "start": 195,
            },
            "value": "getApps",
          },
          "type": Object {
            "kind": "ListType",
            "loc": Object {
              "end": 210,
              "start": 204,
            },
            "type": Object {
              "kind": "NonNullType",
              "loc": Object {
                "end": 209,
                "start": 205,
              },
              "type": Object {
                "kind": "NamedType",
                "loc": Object {
                  "end": 208,
                  "start": 205,
                },
                "name": Object {
                  "kind": "Name",
                  "loc": Object {
                    "end": 208,
                    "start": 205,
                  },
                  "value": "App",
                },
              },
            },
          },
        },
        Object {
          "arguments": Array [],
          "description": undefined,
          "directives": Array [],
          "kind": "FieldDefinition",
          "loc": Object {
            "end": 214,
            "start": 197,
          },
          "name": Object {
            "kind": "Name",
            "loc": Object {
              "end": 205,
              "start": 197,
            },
            "value": "getUsers",
          },
          "type": Object {
            "kind": "ListType",
            "loc": Object {
              "end": 214,
              "start": 207,
            },
            "type": Object {
              "kind": "NonNullType",
              "loc": Object {
                "end": 213,
                "start": 208,
              },
              "type": Object {
                "kind": "NamedType",
                "loc": Object {
                  "end": 212,
                  "start": 208,
                },
                "name": Object {
                  "kind": "Name",
                  "loc": Object {
                    "end": 212,
                    "start": 208,
                  },
                  "value": "User",
                },
              },
            },
          },
        },
      ],
      "interfaces": Array [],
      "kind": "ObjectTypeDefinition",
      "loc": Object {
        "end": 217,
        "start": 181,
      },
      "name": Object {
        "kind": "Name",
        "loc": Object {
          "end": 191,
          "start": 186,
        },
        "value": "Query",
      },
    },
    Object {
      "description": undefined,
      "directives": Array [],
      "fields": Array [
        Object {
          "arguments": Array [
            Object {
              "defaultValue": undefined,
              "description": undefined,
              "directives": Array [],
              "kind": "InputValueDefinition",
              "loc": Object {
                "end": 267,
                "start": 246,
              },
              "name": Object {
                "kind": "Name",
                "loc": Object {
                  "end": 251,
                  "start": 246,
                },
                "value": "input",
              },
              "type": Object {
                "kind": "NamedType",
                "loc": Object {
                  "end": 267,
                  "start": 253,
                },
                "name": Object {
                  "kind": "Name",
                  "loc": Object {
                    "end": 267,
                    "start": 253,
                  },
                  "value": "CreateAppInput",
                },
              },
            },
          ],
          "description": undefined,
          "directives": Array [],
          "kind": "FieldDefinition",
          "loc": Object {
            "end": 274,
            "start": 236,
          },
          "name": Object {
            "kind": "Name",
            "loc": Object {
              "end": 245,
              "start": 236,
            },
            "value": "createApp",
          },
          "type": Object {
            "kind": "NonNullType",
            "loc": Object {
              "end": 274,
              "start": 270,
            },
            "type": Object {
              "kind": "NamedType",
              "loc": Object {
                "end": 273,
                "start": 270,
              },
              "name": Object {
                "kind": "Name",
                "loc": Object {
                  "end": 273,
                  "start": 270,
                },
                "value": "App",
              },
            },
          },
        },
        Object {
          "arguments": Array [
            Object {
              "defaultValue": undefined,
              "description": undefined,
              "directives": Array [],
              "kind": "InputValueDefinition",
              "loc": Object {
                "end": 273,
                "start": 251,
              },
              "name": Object {
                "kind": "Name",
                "loc": Object {
                  "end": 256,
                  "start": 251,
                },
                "value": "input",
              },
              "type": Object {
                "kind": "NamedType",
                "loc": Object {
                  "end": 273,
                  "start": 258,
                },
                "name": Object {
                  "kind": "Name",
                  "loc": Object {
                    "end": 273,
                    "start": 258,
                  },
                  "value": "CreateUserInput",
                },
              },
            },
          ],
          "description": undefined,
          "directives": Array [],
          "kind": "FieldDefinition",
          "loc": Object {
            "end": 281,
            "start": 240,
          },
          "name": Object {
            "kind": "Name",
            "loc": Object {
              "end": 250,
              "start": 240,
            },
            "value": "createUser",
          },
          "type": Object {
            "kind": "NonNullType",
            "loc": Object {
              "end": 281,
              "start": 276,
            },
            "type": Object {
              "kind": "NamedType",
              "loc": Object {
                "end": 280,
                "start": 276,
              },
              "name": Object {
                "kind": "Name",
                "loc": Object {
                  "end": 280,
                  "start": 276,
                },
                "value": "User",
              },
            },
          },
        },
        Object {
          "arguments": Array [
            Object {
              "defaultValue": undefined,
              "description": undefined,
              "directives": Array [],
              "kind": "InputValueDefinition",
              "loc": Object {
                "end": 308,
                "start": 291,
              },
              "name": Object {
                "kind": "Name",
                "loc": Object {
                  "end": 296,
                  "start": 291,
                },
                "value": "input",
              },
              "type": Object {
                "kind": "NamedType",
                "loc": Object {
                  "end": 308,
                  "start": 298,
                },
                "name": Object {
                  "kind": "Name",
                  "loc": Object {
                    "end": 308,
                    "start": 298,
                  },
                  "value": "LoginInput",
                },
              },
            },
          ],
          "description": undefined,
          "directives": Array [],
          "kind": "FieldDefinition",
          "loc": Object {
            "end": 323,
            "start": 285,
          },
          "name": Object {
            "kind": "Name",
            "loc": Object {
              "end": 290,
              "start": 285,
            },
            "value": "login",
          },
          "type": Object {
            "kind": "NonNullType",
            "loc": Object {
              "end": 323,
              "start": 311,
            },
            "type": Object {
              "kind": "NamedType",
              "loc": Object {
                "end": 322,
                "start": 311,
              },
              "name": Object {
                "kind": "Name",
                "loc": Object {
                  "end": 322,
                  "start": 311,
                },
                "value": "AuthPayload",
              },
            },
          },
        },
      ],
      "interfaces": Array [],
      "kind": "ObjectTypeDefinition",
      "loc": Object {
        "end": 326,
        "start": 221,
      },
      "name": Object {
        "kind": "Name",
        "loc": Object {
          "end": 234,
          "start": 226,
        },
        "value": "Mutation",
      },
    },
    Object {
      "description": undefined,
      "directives": Array [],
      "fields": Array [
        Object {
          "defaultValue": undefined,
          "description": undefined,
          "directives": Array [],
          "kind": "InputValueDefinition",
          "loc": Object {
            "end": 323,
            "start": 307,
          },
          "name": Object {
            "kind": "Name",
            "loc": Object {
              "end": 314,
              "start": 307,
            },
            "value": "appName",
          },
          "type": Object {
            "kind": "NonNullType",
            "loc": Object {
              "end": 323,
              "start": 316,
            },
            "type": Object {
              "kind": "NamedType",
              "loc": Object {
                "end": 322,
                "start": 316,
              },
              "name": Object {
                "kind": "Name",
                "loc": Object {
                  "end": 322,
                  "start": 316,
                },
                "value": "String",
              },
            },
          },
        },
        Object {
          "defaultValue": undefined,
          "description": undefined,
          "directives": Array [],
          "kind": "InputValueDefinition",
          "loc": Object {
            "end": 346,
            "start": 327,
          },
          "name": Object {
            "kind": "Name",
            "loc": Object {
              "end": 337,
              "start": 327,
            },
            "value": "identifier",
          },
          "type": Object {
            "kind": "NonNullType",
            "loc": Object {
              "end": 346,
              "start": 339,
            },
            "type": Object {
              "kind": "NamedType",
              "loc": Object {
                "end": 345,
                "start": 339,
              },
              "name": Object {
                "kind": "Name",
                "loc": Object {
                  "end": 345,
                  "start": 339,
                },
                "value": "String",
              },
            },
          },
        },
        Object {
          "defaultValue": undefined,
          "description": undefined,
          "directives": Array [],
          "kind": "InputValueDefinition",
          "loc": Object {
            "end": 363,
            "start": 350,
          },
          "name": Object {
            "kind": "Name",
            "loc": Object {
              "end": 354,
              "start": 350,
            },
            "value": "icon",
          },
          "type": Object {
            "kind": "NonNullType",
            "loc": Object {
              "end": 363,
              "start": 356,
            },
            "type": Object {
              "kind": "NamedType",
              "loc": Object {
                "end": 362,
                "start": 356,
              },
              "name": Object {
                "kind": "Name",
                "loc": Object {
                  "end": 362,
                  "start": 356,
                },
                "value": "String",
              },
            },
          },
        },
        Object {
          "defaultValue": undefined,
          "description": undefined,
          "directives": Array [],
          "kind": "InputValueDefinition",
          "loc": Object {
            "end": 387,
            "start": 367,
          },
          "name": Object {
            "kind": "Name",
            "loc": Object {
              "end": 378,
              "start": 367,
            },
            "value": "description",
          },
          "type": Object {
            "kind": "NonNullType",
            "loc": Object {
              "end": 387,
              "start": 380,
            },
            "type": Object {
              "kind": "NamedType",
              "loc": Object {
                "end": 386,
                "start": 380,
              },
              "name": Object {
                "kind": "Name",
                "loc": Object {
                  "end": 386,
                  "start": 380,
                },
                "value": "String",
              },
            },
          },
        },
        Object {
          "defaultValue": undefined,
          "description": undefined,
          "directives": Array [],
          "kind": "InputValueDefinition",
          "loc": Object {
            "end": 404,
            "start": 391,
          },
          "name": Object {
            "kind": "Name",
            "loc": Object {
              "end": 397,
              "start": 391,
            },
            "value": "userId",
          },
          "type": Object {
            "kind": "NonNullType",
            "loc": Object {
              "end": 404,
              "start": 399,
            },
            "type": Object {
              "kind": "NamedType",
              "loc": Object {
                "end": 403,
                "start": 399,
              },
              "name": Object {
                "kind": "Name",
                "loc": Object {
                  "end": 403,
                  "start": 399,
                },
                "value": "UUID",
              },
            },
          },
        },
      ],
      "kind": "InputObjectTypeDefinition",
      "loc": Object {
        "end": 407,
        "start": 281,
      },
      "name": Object {
        "kind": "Name",
        "loc": Object {
          "end": 301,
          "start": 287,
        },
        "value": "CreateAppInput",
      },
    },
    Object {
      "description": undefined,
      "directives": Array [],
      "kind": "ScalarTypeDefinition",
      "loc": Object {
        "end": 11,
        "start": 0,
      },
      "name": Object {
        "kind": "Name",
        "loc": Object {
          "end": 11,
          "start": 7,
        },
        "value": "UUID",
      },
    },
    Object {
      "description": undefined,
      "directives": Array [],
      "kind": "ScalarTypeDefinition",
      "loc": Object {
        "end": 28,
        "start": 13,
      },
      "name": Object {
        "kind": "Name",
        "loc": Object {
          "end": 28,
          "start": 20,
        },
        "value": "Datetime",
      },
    },
    Object {
      "description": undefined,
      "directives": Array [],
      "fields": Array [
        Object {
          "arguments": Array [],
          "description": undefined,
          "directives": Array [],
          "kind": "FieldDefinition",
          "loc": Object {
            "end": 24,
            "start": 15,
          },
          "name": Object {
            "kind": "Name",
            "loc": Object {
              "end": 17,
              "start": 15,
            },
            "value": "id",
          },
          "type": Object {
            "kind": "NonNullType",
            "loc": Object {
              "end": 24,
              "start": 19,
            },
            "type": Object {
              "kind": "NamedType",
              "loc": Object {
                "end": 23,
                "start": 19,
              },
              "name": Object {
                "kind": "Name",
                "loc": Object {
                  "end": 23,
                  "start": 19,
                },
                "value": "UUID",
              },
            },
          },
        },
        Object {
          "arguments": Array [],
          "description": undefined,
          "directives": Array [],
          "kind": "FieldDefinition",
          "loc": Object {
            "end": 45,
            "start": 28,
          },
          "name": Object {
            "kind": "Name",
            "loc": Object {
              "end": 36,
              "start": 28,
            },
            "value": "username",
          },
          "type": Object {
            "kind": "NonNullType",
            "loc": Object {
              "end": 45,
              "start": 38,
            },
            "type": Object {
              "kind": "NamedType",
              "loc": Object {
                "end": 44,
                "start": 38,
              },
              "name": Object {
                "kind": "Name",
                "loc": Object {
                  "end": 44,
                  "start": 38,
                },
                "value": "String",
              },
            },
          },
        },
        Object {
          "arguments": Array [],
          "description": undefined,
          "directives": Array [],
          "kind": "FieldDefinition",
          "loc": Object {
            "end": 66,
            "start": 49,
          },
          "name": Object {
            "kind": "Name",
            "loc": Object {
              "end": 57,
              "start": 49,
            },
            "value": "password",
          },
          "type": Object {
            "kind": "NonNullType",
            "loc": Object {
              "end": 66,
              "start": 59,
            },
            "type": Object {
              "kind": "NamedType",
              "loc": Object {
                "end": 65,
                "start": 59,
              },
              "name": Object {
                "kind": "Name",
                "loc": Object {
                  "end": 65,
                  "start": 59,
                },
                "value": "String",
              },
            },
          },
        },
        Object {
          "arguments": Array [],
          "description": undefined,
          "directives": Array [],
          "kind": "FieldDefinition",
          "loc": Object {
            "end": 84,
            "start": 70,
          },
          "name": Object {
            "kind": "Name",
            "loc": Object {
              "end": 75,
              "start": 70,
            },
            "value": "email",
          },
          "type": Object {
            "kind": "NonNullType",
            "loc": Object {
              "end": 84,
              "start": 77,
            },
            "type": Object {
              "kind": "NamedType",
              "loc": Object {
                "end": 83,
                "start": 77,
              },
              "name": Object {
                "kind": "Name",
                "loc": Object {
                  "end": 83,
                  "start": 77,
                },
                "value": "String",
              },
            },
          },
        },
        Object {
          "arguments": Array [],
          "description": undefined,
          "directives": Array [],
          "kind": "FieldDefinition",
          "loc": Object {
            "end": 106,
            "start": 88,
          },
          "name": Object {
            "kind": "Name",
            "loc": Object {
              "end": 97,
              "start": 88,
            },
            "value": "privilege",
          },
          "type": Object {
            "kind": "NonNullType",
            "loc": Object {
              "end": 106,
              "start": 99,
            },
            "type": Object {
              "kind": "NamedType",
              "loc": Object {
                "end": 105,
                "start": 99,
              },
              "name": Object {
                "kind": "Name",
                "loc": Object {
                  "end": 105,
                  "start": 99,
                },
                "value": "String",
              },
            },
          },
        },
        Object {
          "arguments": Array [],
          "description": undefined,
          "directives": Array [],
          "kind": "FieldDefinition",
          "loc": Object {
            "end": 126,
            "start": 110,
          },
          "name": Object {
            "kind": "Name",
            "loc": Object {
              "end": 116,
              "start": 110,
            },
            "value": "active",
          },
          "type": Object {
            "kind": "NonNullType",
            "loc": Object {
              "end": 126,
              "start": 118,
            },
            "type": Object {
              "kind": "NamedType",
              "loc": Object {
                "end": 125,
                "start": 118,
              },
              "name": Object {
                "kind": "Name",
                "loc": Object {
                  "end": 125,
                  "start": 118,
                },
                "value": "Boolean",
              },
            },
          },
        },
        Object {
          "arguments": Array [],
          "description": undefined,
          "directives": Array [],
          "kind": "FieldDefinition",
          "loc": Object {
            "end": 150,
            "start": 130,
          },
          "name": Object {
            "kind": "Name",
            "loc": Object {
              "end": 139,
              "start": 130,
            },
            "value": "createdAt",
          },
          "type": Object {
            "kind": "NonNullType",
            "loc": Object {
              "end": 150,
              "start": 141,
            },
            "type": Object {
              "kind": "NamedType",
              "loc": Object {
                "end": 149,
                "start": 141,
              },
              "name": Object {
                "kind": "Name",
                "loc": Object {
                  "end": 149,
                  "start": 141,
                },
                "value": "Datetime",
              },
            },
          },
        },
        Object {
          "arguments": Array [],
          "description": undefined,
          "directives": Array [],
          "kind": "FieldDefinition",
          "loc": Object {
            "end": 174,
            "start": 154,
          },
          "name": Object {
            "kind": "Name",
            "loc": Object {
              "end": 163,
              "start": 154,
            },
            "value": "updatedAt",
          },
          "type": Object {
            "kind": "NonNullType",
            "loc": Object {
              "end": 174,
              "start": 165,
            },
            "type": Object {
              "kind": "NamedType",
              "loc": Object {
                "end": 173,
                "start": 165,
              },
              "name": Object {
                "kind": "Name",
                "loc": Object {
                  "end": 173,
                  "start": 165,
                },
                "value": "Datetime",
              },
            },
          },
        },
      ],
      "interfaces": Array [],
      "kind": "ObjectTypeDefinition",
      "loc": Object {
        "end": 177,
        "start": 0,
      },
      "name": Object {
        "kind": "Name",
        "loc": Object {
          "end": 9,
          "start": 5,
        },
        "value": "User",
      },
    },
    Object {
      "description": undefined,
      "directives": Array [],
      "fields": Array [
        Object {
          "defaultValue": undefined,
          "description": undefined,
          "directives": Array [],
          "kind": "InputValueDefinition",
          "loc": Object {
            "end": 374,
            "start": 357,
          },
          "name": Object {
            "kind": "Name",
            "loc": Object {
              "end": 365,
              "start": 357,
            },
            "value": "username",
          },
          "type": Object {
            "kind": "NonNullType",
            "loc": Object {
              "end": 374,
              "start": 367,
            },
            "type": Object {
              "kind": "NamedType",
              "loc": Object {
                "end": 373,
                "start": 367,
              },
              "name": Object {
                "kind": "Name",
                "loc": Object {
                  "end": 373,
                  "start": 367,
                },
                "value": "String",
              },
            },
          },
        },
        Object {
          "defaultValue": undefined,
          "description": undefined,
          "directives": Array [],
          "kind": "InputValueDefinition",
          "loc": Object {
            "end": 395,
            "start": 378,
          },
          "name": Object {
            "kind": "Name",
            "loc": Object {
              "end": 386,
              "start": 378,
            },
            "value": "password",
          },
          "type": Object {
            "kind": "NonNullType",
            "loc": Object {
              "end": 395,
              "start": 388,
            },
            "type": Object {
              "kind": "NamedType",
              "loc": Object {
                "end": 394,
                "start": 388,
              },
              "name": Object {
                "kind": "Name",
                "loc": Object {
                  "end": 394,
                  "start": 388,
                },
                "value": "String",
              },
            },
          },
        },
        Object {
          "defaultValue": undefined,
          "description": undefined,
          "directives": Array [],
          "kind": "InputValueDefinition",
          "loc": Object {
            "end": 413,
            "start": 399,
          },
          "name": Object {
            "kind": "Name",
            "loc": Object {
              "end": 404,
              "start": 399,
            },
            "value": "email",
          },
          "type": Object {
            "kind": "NonNullType",
            "loc": Object {
              "end": 413,
              "start": 406,
            },
            "type": Object {
              "kind": "NamedType",
              "loc": Object {
                "end": 412,
                "start": 406,
              },
              "name": Object {
                "kind": "Name",
                "loc": Object {
                  "end": 412,
                  "start": 406,
                },
                "value": "String",
              },
            },
          },
        },
        Object {
          "defaultValue": undefined,
          "description": undefined,
          "directives": Array [],
          "kind": "InputValueDefinition",
          "loc": Object {
            "end": 435,
            "start": 417,
          },
          "name": Object {
            "kind": "Name",
            "loc": Object {
              "end": 426,
              "start": 417,
            },
            "value": "privilege",
          },
          "type": Object {
            "kind": "NonNullType",
            "loc": Object {
              "end": 435,
              "start": 428,
            },
            "type": Object {
              "kind": "NamedType",
              "loc": Object {
                "end": 434,
                "start": 428,
              },
              "name": Object {
                "kind": "Name",
                "loc": Object {
                  "end": 434,
                  "start": 428,
                },
                "value": "String",
              },
            },
          },
        },
        Object {
          "defaultValue": undefined,
          "description": undefined,
          "directives": Array [],
          "kind": "InputValueDefinition",
          "loc": Object {
            "end": 455,
            "start": 439,
          },
          "name": Object {
            "kind": "Name",
            "loc": Object {
              "end": 445,
              "start": 439,
            },
            "value": "active",
          },
          "type": Object {
            "kind": "NonNullType",
            "loc": Object {
              "end": 455,
              "start": 447,
            },
            "type": Object {
              "kind": "NamedType",
              "loc": Object {
                "end": 454,
                "start": 447,
              },
              "name": Object {
                "kind": "Name",
                "loc": Object {
                  "end": 454,
                  "start": 447,
                },
                "value": "Boolean",
              },
            },
          },
        },
      ],
      "kind": "InputObjectTypeDefinition",
      "loc": Object {
        "end": 458,
        "start": 330,
      },
      "name": Object {
        "kind": "Name",
        "loc": Object {
          "end": 351,
          "start": 336,
        },
        "value": "CreateUserInput",
      },
    },
    Object {
      "description": undefined,
      "directives": Array [],
      "fields": Array [
        Object {
          "defaultValue": undefined,
          "description": undefined,
          "directives": Array [],
          "kind": "InputValueDefinition",
          "loc": Object {
            "end": 498,
            "start": 484,
          },
          "name": Object {
            "kind": "Name",
            "loc": Object {
              "end": 489,
              "start": 484,
            },
            "value": "email",
          },
          "type": Object {
            "kind": "NonNullType",
            "loc": Object {
              "end": 498,
              "start": 491,
            },
            "type": Object {
              "kind": "NamedType",
              "loc": Object {
                "end": 497,
                "start": 491,
              },
              "name": Object {
                "kind": "Name",
                "loc": Object {
                  "end": 497,
                  "start": 491,
                },
                "value": "String",
              },
            },
          },
        },
        Object {
          "defaultValue": undefined,
          "description": undefined,
          "directives": Array [],
          "kind": "InputValueDefinition",
          "loc": Object {
            "end": 519,
            "start": 502,
          },
          "name": Object {
            "kind": "Name",
            "loc": Object {
              "end": 510,
              "start": 502,
            },
            "value": "password",
          },
          "type": Object {
            "kind": "NonNullType",
            "loc": Object {
              "end": 519,
              "start": 512,
            },
            "type": Object {
              "kind": "NamedType",
              "loc": Object {
                "end": 518,
                "start": 512,
              },
              "name": Object {
                "kind": "Name",
                "loc": Object {
                  "end": 518,
                  "start": 512,
                },
                "value": "String",
              },
            },
          },
        },
      ],
      "kind": "InputObjectTypeDefinition",
      "loc": Object {
        "end": 522,
        "start": 462,
      },
      "name": Object {
        "kind": "Name",
        "loc": Object {
          "end": 478,
          "start": 468,
        },
        "value": "LoginInput",
      },
    },
    Object {
      "description": undefined,
      "directives": Array [],
      "fields": Array [
        Object {
          "arguments": Array [],
          "description": undefined,
          "directives": Array [],
          "kind": "FieldDefinition",
          "loc": Object {
            "end": 562,
            "start": 548,
          },
          "name": Object {
            "kind": "Name",
            "loc": Object {
              "end": 553,
              "start": 548,
            },
            "value": "token",
          },
          "type": Object {
            "kind": "NonNullType",
            "loc": Object {
              "end": 562,
              "start": 555,
            },
            "type": Object {
              "kind": "NamedType",
              "loc": Object {
                "end": 561,
                "start": 555,
              },
              "name": Object {
                "kind": "Name",
                "loc": Object {
                  "end": 561,
                  "start": 555,
                },
                "value": "String",
              },
            },
          },
        },
      ],
      "interfaces": Array [],
      "kind": "ObjectTypeDefinition",
      "loc": Object {
        "end": 565,
        "start": 526,
      },
      "name": Object {
        "kind": "Name",
        "loc": Object {
          "end": 542,
          "start": 531,
        },
        "value": "AuthPayload",
      },
    },
    Object {
      "description": undefined,
      "directives": Array [],
      "kind": "SchemaDefinition",
      "loc": Object {
        "end": 42,
        "start": 0,
      },
      "operationTypes": Array [
        Object {
          "kind": "OperationTypeDefinition",
          "loc": Object {
            "end": 21,
            "start": 9,
          },
          "operation": "query",
          "type": Object {
            "kind": "NamedType",
            "loc": Object {
              "end": 21,
              "start": 16,
            },
            "name": Object {
              "kind": "Name",
              "loc": Object {
                "end": 21,
                "start": 16,
              },
              "value": "Query",
            },
          },
        },
        Object {
          "kind": "OperationTypeDefinition",
          "loc": Object {
            "end": 40,
            "start": 22,
          },
          "operation": "mutation",
          "type": Object {
            "kind": "NamedType",
            "loc": Object {
              "end": 40,
              "start": 32,
            },
            "name": Object {
              "kind": "Name",
              "loc": Object {
                "end": 40,
                "start": 32,
              },
              "value": "Mutation",
            },
          },
        },
      ],
    },
  ],
  "kind": "Document",
}
`;
